00:14:17 **** Incremental Build of configuration Debug for project Antibouncing ****
make -j12 all 
arm-none-eabi-gcc "../Core/Src/main.c" -mcpu=cortex-m3 -std=gnu11 -g3 -DDEBUG -DUSE_HAL_DRIVER -DSTM32F103xB -c -I../Core/Inc -I../Drivers/STM32F1xx_HAL_Driver/Inc/Legacy -I../Drivers/STM32F1xx_HAL_Driver/Inc -I../Drivers/CMSIS/Device/ST/STM32F1xx/Include -I../Drivers/CMSIS/Include -O0 -ffunction-sections -fdata-sections -Wall -fstack-usage -MMD -MP -MF"Core/Src/main.d" -MT"Core/Src/main.o" --specs=nano.specs -mfloat-abi=soft -mthumb -o "Core/Src/main.o"
arm-none-eabi-gcc -o "Antibouncing.elf" @"objects.list"   -mcpu=cortex-m3 -T"C:\Users\matia\Desktop\Parcial TDII\Antibouncing\STM32F103C8TX_FLASH.ld" --specs=nosys.specs -Wl,-Map="Antibouncing.map" -Wl,--gc-sections -static --specs=nano.specs -mfloat-abi=soft -mthumb -Wl,--start-group -lc -lm -Wl,--end-group
Finished building target: Antibouncing.elf
 
arm-none-eabi-size   Antibouncing.elf 
arm-none-eabi-objdump -h -S  Antibouncing.elf  > "Antibouncing.list"
   text	   data	    bss	    dec	    hex	filename
   4936	     20	   1572	   6528	   1980	Antibouncing.elf
Finished building: default.size.stdout
 
Finished building: Antibouncing.list
 

00:14:18 Build Finished. 0 errors, 0 warnings. (took 684ms)

